
     RDKit          2D

  0  0  0  0  0  0  0  0  0  0999 V3000
M  V30 BEGIN CTAB
M  V30 COUNTS 5 4 0 0 0
M  V30 BEGIN ATOM
M  V30 1 C -1.818653 -0.750000 0.000000 0
M  V30 2 C -0.519615 0.000000 0.000000 0
M  V30 3 N -0.519615 1.500000 0.000000 0
M  V30 4 C 0.779423 -0.750000 0.000000 0
M  V30 5 O 2.078461 -0.000000 0.000000 0
M  V30 END ATOM
M  V30 BEGIN BOND
M  V30 1 1 2 1 CFG=3
M  V30 2 1 2 3
M  V30 3 1 2 4
M  V30 4 2 4 5
M  V30 END BOND
M  V30 BEGIN COLLECTION
M  V30 MDLV30/STEABS ATOMS=(1 2)
M  V30 END COLLECTION
M  V30 END CTAB
M  END
$$$$
