HETATM    1  C1  UNL     1      -1.819  -0.750   0.000  1.00  0.00           C  
HETATM    2  C2  UNL     1      -0.520   0.000   0.000  1.00  0.00           C  
HETATM    3  N1  UNL     1      -0.520   1.500   0.000  1.00  0.00           N  
HETATM    4  C3  UNL     1       0.779  -0.750   0.000  1.00  0.00           C  
HETATM    5  O1  UNL     1       2.078  -0.000   0.000  1.00  0.00           O  
CONECT    1    2
CONECT    2    3    4
CONECT    4    5    5
END
