f_m_ct {
  i_m_ct_stereo_status
  s_m_title
  s_st_Chirality_1
  :::
  1
  ""
  2_ANS_1_3_4
  m_atom[5] {
    # First column is Index #
    r_m_x_coord
    r_m_y_coord
    r_m_z_coord
    i_m_atomic_number
    i_m_formal_charge
    i_rdkit__ChiralityPossible
    s_rdkit__CIPCode
    :::
    1 -1.818653 -0.750000 0.000000 6 0 <> <>
    2 -0.519615 0.000000 0.000000 6 0 1 S
    3 -0.519615 1.500000 0.000000 7 0 <> <>
    4 0.779423 -0.750000 0.000000 6 0 <> <>
    5 2.078461 -0.000000 0.000000 8 0 <> <>
    :::
  }
  m_bond[4] {
    # First column is Index #
    i_m_from
    i_m_order
    i_m_to
    :::
    1 1 1 2
    2 2 1 3
    3 2 1 4
    4 4 2 5
    :::
  }
}

