12

C      1.312729   -0.190577    0.009889
C     -0.118740    0.077251   -0.374356
N     -0.518227    1.411100   -0.045303
C     -0.955434   -0.979242    0.228609
O     -1.589368   -1.788901   -0.445028
H      1.492493   -1.275896   -0.198718
H      1.482292   -0.056326    1.086649
H      1.976826    0.407652   -0.637026
H     -0.161952    0.005580   -1.490580
H     -1.507678    1.573747   -0.277434
H     -0.196764    1.766772    0.863313
H     -1.216178   -0.951159    1.279984
