InChI=1S/C3H7NO/c1-3(4)2-5/h2-3H,4H2,1H3/t3-/m0/s1