<?xml version="1.0" encoding="utf-8"?>
<cml xmlns="http://www.chemaxon.com" xmlns:xsi="http://www.w3.org/2001/XMLSchema-instance" xsi:schemaLocation="http://www.chemaxon.com http://www.chemaxon.com/marvin/schema/mrvSchema_20_20_0.xsd"><MDocument><MChemicalStruct><molecule molID="m1"><atomArray><atom id="a1" elementType="C" x2="-1.81865" y2="-0.75"/><atom id="a2" elementType="C" x2="-0.519615" y2="0.00000" mrvStereoGroup="abs"/><atom id="a3" elementType="N" x2="-0.519615" y2="1.5"/><atom id="a4" elementType="C" x2="0.779423" y2="-0.75"/><atom id="a5" elementType="O" x2="2.07846" y2="0.00000"/></atomArray><bondArray><bond id="b1" atomRefs2="a2 a1" order="1"><bondStereo>H</bondStereo></bond><bond id="b2" atomRefs2="a2 a3" order="1"/><bond id="b3" atomRefs2="a2 a4" order="1"/><bond id="b4" atomRefs2="a4 a5" order="2"/></bondArray></molecule></MChemicalStruct></MDocument></cml>