KLUv/WBXAvUIAHLPMDBga9MY1NggKvRMhJFZQWzQhgW2Oy010+92n4ZiL1aylD+XsnGbkP0r2io2ErKllCkGkX91q5vQ5WGg5FLdGoyyXDA2bCgtY1UajLJAqpKFSO6fKVUgpOkXeBh0uJ5Vwae9eNlQmYi9CLNpn4kMahXMixTZBatp+gfev6Ig+tfo+En0gEGJOhD+zXEu/rfJbyAeGc6ff4TkzJPhn6KQ2zfXVHcG6P4JQ7n7Wz8K4FJ/hYNn85f4SYvf/c76E/x/bHCEBCUggKIZdXXUsqFnzadqZB4SwvXFckODVoKWjatmtWALQixzaHbf9Li2cSRYL0CEVUejvDu5DBEI18ibk41EXjPA7F2pAyC8ruRAByMcMMcO4bBtSJwPSgk=